../Core/Src/main.c:86:5:main	8	static
../Core/Src/main.c:150:6:SystemClock_Config	80	static
../Core/Src/main.c:191:13:MX_ADC_Init	24	static
../Core/Src/main.c:245:13:MX_TIM3_Init	64	static
../Core/Src/main.c:304:13:MX_USART2_UART_Init	8	static
../Core/Src/main.c:337:13:MX_DMA_Init	16	static
../Core/Src/main.c:358:13:MX_GPIO_Init	56	static
../Core/Src/main.c:399:6:EXTI0_1_IRQHandler	8	static
../Core/Src/main.c:417:10:pollADC	16	static
../Core/Src/main.c:426:10:ADCtoCRR	24	static
../Core/Src/main.c:444:6:Error_Handler	8	static,ignoring_inline_asm
