../Core/Src/main2.c:116:5:main	48	static
../Core/Src/main2.c:199:6:SystemClock_Config	104	static
../Core/Src/main2.c:245:13:MX_I2C1_Init	8	static
../Core/Src/main2.c:293:13:MX_USART2_UART_Init	8	static
../Core/Src/main2.c:326:13:MX_DMA_Init	16	static
../Core/Src/main2.c:344:13:MX_GPIO_Init	56	static
../Core/Src/main2.c:373:6:pause_sec	24	static
../Core/Src/main2.c:389:9:decToBcd	40	static
../Core/Src/main2.c:405:5:bcdToDec	32	static
../Core/Src/main2.c:421:6:setTime	48	static
../Core/Src/main2.c:444:6:getTime	32	static
../Core/Src/main2.c:469:5:epochFromTime	32	static
../Core/Src/main2.c:507:6:Error_Handler	8	static,ignoring_inline_asm
