../Core/Src/main.c:114:5:main	48	static
../Core/Src/main.c:195:6:SystemClock_Config	104	static
../Core/Src/main.c:241:13:MX_I2C1_Init	8	static
../Core/Src/main.c:289:13:MX_USART2_UART_Init	8	static
../Core/Src/main.c:322:13:MX_DMA_Init	16	static
../Core/Src/main.c:340:13:MX_GPIO_Init	56	static
../Core/Src/main.c:369:6:pause_sec	24	static
../Core/Src/main.c:385:9:decToBcd	40	static
../Core/Src/main.c:401:5:bcdToDec	32	static
../Core/Src/main.c:417:6:setTime	48	static
../Core/Src/main.c:440:6:getTime	32	static
../Core/Src/main.c:465:5:epochFromTime	32	static
../Core/Src/main.c:503:6:Error_Handler	8	static,ignoring_inline_asm
